// Jest Snapshot v1, https://goo.gl/fbAQLP

exports[`generateGlobalInjectorCode generates code with release 1`] = `"!function(){var e=\\"undefined\\"!=typeof window?window:\\"undefined\\"!=typeof global?global:\\"undefined\\"!=typeof globalThis?globalThis:\\"undefined\\"!=typeof self?self:{};e.SENTRY_RELEASE={id:\\"1.2.3\\"};}();"`;

exports[`generateGlobalInjectorCode generates code with release and build information 1`] = `"!function(){var e=\\"undefined\\"!=typeof window?window:\\"undefined\\"!=typeof global?global:\\"undefined\\"!=typeof globalThis?globalThis:\\"undefined\\"!=typeof self?self:{};e.SENTRY_RELEASE={id:\\"1.2.3\\"};e.SENTRY_BUILD_INFO={\\"deps\\":[\\"myDep\\",\\"rollup\\"],\\"depsVersions\\":{\\"rollup\\":3},\\"nodeVersion\\":18};}();"`;

exports[`generateModuleMetadataInjectorCode generates code with empty metadata object 1`] = `"!function(){var e=\\"undefined\\"!=typeof window?window:\\"undefined\\"!=typeof global?global:\\"undefined\\"!=typeof globalThis?globalThis:\\"undefined\\"!=typeof self?self:{};e._sentryModuleMetadata=e._sentryModuleMetadata||{},e._sentryModuleMetadata[(new e.Error).stack]=Object.assign({},e._sentryModuleMetadata[(new e.Error).stack],{})}();"`;

exports[`generateModuleMetadataInjectorCode generates code with metadata object 1`] = `"!function(){var e=\\"undefined\\"!=typeof window?window:\\"undefined\\"!=typeof global?global:\\"undefined\\"!=typeof globalThis?globalThis:\\"undefined\\"!=typeof self?self:{};e._sentryModuleMetadata=e._sentryModuleMetadata||{},e._sentryModuleMetadata[(new e.Error).stack]=Object.assign({},e._sentryModuleMetadata[(new e.Error).stack],{\\"file1.js\\":{\\"foo\\":\\"bar\\"},\\"file2.js\\":{\\"bar\\":\\"baz\\"}})}();"`;
